// Jest Snapshot v1, https://goo.gl/fbAQLP

exports[`OptimizelyDataPlatform.trackEvent perform Should fire custom event 1`] = `"[{\\"user_identifiers\\":{\\"anonymousId\\":\\"anonId1234\\",\\"userId\\":\\"user1234\\"},\\"action\\":\\"purchase\\",\\"type\\":\\"whatever\\",\\"timestamp\\":\\"2024-03-01T18:11:27.649Z\\",\\"order_id\\":\\"1234\\",\\"total\\":\\"20\\",\\"products\\":[{\\"product_id\\":\\"12345\\",\\"qty\\":2},{\\"product_id\\":\\"67890\\",\\"qty\\":5}]}]"`;
