// Jest Snapshot v1, https://goo.gl/fbAQLP

exports[`Testing snapshot for OptimizelyDataPlatform's multiProductEvent destination action: all fields 1`] = `
Object {
  "action": "th5j#WMl[^",
  "order_id": "th5j#WMl[^",
  "purchase": Array [
    Object {
      "product_id": "th5j#WMl[^",
      "qty": -27527503371304.96,
    },
  ],
  "requestType": "multi",
  "timestamp": "th5j#WMl[^",
  "total": "th5j#WMl[^",
  "type": "product",
  "user_identifiers": Object {
    "anonymousId": "th5j#WMl[^",
    "email": "faj@daratdi.lr",
    "optimizely_vuid": "th5j#WMl[^",
    "userId": "th5j#WMl[^",
  },
}
`;

exports[`Testing snapshot for OptimizelyDataPlatform's multiProductEvent destination action: required fields 1`] = `
Object {
  "order_id": "th5j#WMl[^",
  "requestType": "multi",
  "type": "product",
  "user_identifiers": Object {},
}
`;
